127.0.0.1 - - [03/Oct/2026 17:18:50] "POST /api/chat HTTP/1.1" 200 -
127.0.0.1 - - [03/Oct/2026 17:18:50] "POST /api/chat HTTP/1.1" 200 -
127.0.0.1 - - [03/Oct/2026 17:18:50] "GET /api/conversations HTTP/1.1" 200 -
127.0.0.1 - - [03/Oct/2026 17:18:50] "GET /api/conversations/ee063882f5 HTTP/1.1" 200 -
127.0.0.1 - - [03/Oct/2026 17:18:50] "GET /api/providers/models?name=zhipu HTTP/1.1" 200 -
127.0.0.1 - - [03/Oct/2026 17:18:54] "GET /api/providers HTTP/1.1" 200 -
◆ 17. 对话存储与持久化
 ✅ 17.1 新建会话
 ✅ 17.2 持久化（跨实例重开）
 ✅ 17.3 消息含模型署名
 ✅ 17.4 会话列表
 ✅ 17.5 会话级模型偏好
 ✅ 17.6 删除
◆ 18. 超长对话压缩
 ✅ 18.1 旧消息被压缩为摘要
 ✅ 18.2 最近原文保留
 ✅ 18.3 摘要有界（≤4000 字符）
◆ 19. Auto 模型路由
 ✅ 19.1 重任务→main
 ✅ 19.2 轻任务→fast
 ✅ 19.3 代码任务→main
◆ 20. Chat API 端到端（HTTP 全链路）
 ✅ 20.1 无 cid 自动建会话
 ✅ 20.2 指定会话续聊
 ✅ 20.3 会话出现在列表
 ✅ 20.4 历史完整（2 轮=4 条）
 ✅ 20.5 国产模型目录（智谱 7 款）
 ✅ 20.6 全国产服务商在册

════════════════════════════════════════════════════════════
对话套件结果: 18/18 PASS
对话系统全链路验证通过 ✅
