m web_atoms v0.2.6
[1m[92m   Compiling[0m icu_provider v2.3.1
[1m[92m   Compiling[0m icu_properties v2.3.0
[1m[92m   Compiling[0m icu_normalizer v2.3.0
[1m[92m   Compiling[0m parking_lot v0.12.5
[1m[92m   Compiling[0m windows-sys v0.61.2
[1m[92m   Compiling[0m semver v1.0.28
[1m[92m   Compiling[0m libc v0.2.190
[1m[92m   Compiling[0m winnow v1.0.4
[1m[92m   Compiling[0m toml_parser v1.1.3+spec-1.1.0
[1m[92m   Compiling[0m idna_adapter v1.2.2
[1m[92m   Compiling[0m string_cache v0.9.0
[1m[92m   Compiling[0m serde_spanned v1.1.1
[1m[92m   Compiling[0m toml_datetime v1.1.1+spec-1.1.0
[1m[92m   Compiling[0m log v0.4.34
[1m[92m   Compiling[0m version_check v0.9.5
[1m[92m   Compiling[0m autocfg v1.5.1
[1m[92m   Compiling[0m toml_writer v1.1.2+spec-1.1.0
[1m[92m   Compiling[0m percent-encoding v2.3.2
[1m[92m   Compiling[0m dtoa v1.0.11
[1m[92m   Compiling[0m form_urlencoded v1.2.2
[1m[92m   Compiling[0m dtoa-short v0.3.5
[1m[92m   Compiling[0m indexmap v1.9.3
[1m[92m   Compiling[0m toml v1.1.6+spec-1.1.0
[1m[92m   Compiling[0m uuid v1.27.0
[1m[92m   Compiling[0m idna v1.1.0
[1m[92m   Compiling[0m cssparser-macros v0.7.1
[1m[92m   Compiling[0m derive_more-impl v2.1.1
[1m[92m   Compiling[0m tendril v0.5.1
[1m[92m   Compiling[0m selectors v0.38.0
[1m[92m   Compiling[0m aho-corasick v1.1.5
[1m[92m   Compiling[0m camino v1.2.6
[1m[92m   Compiling[0m bitflags v2.13.2
[1m[92m   Compiling[0m regex-syntax v0.8.11
[1m[92m   Compiling[0m alloc-no-stdlib v3.0.0
[1m[92m   Compiling[0m alloc-stdlib v0.3.0
[1m[92m   Compiling[0m markup5ever v0.39.0
[1m[92m   Compiling[0m derive_more v2.1.1
[1m[92m   Compiling[0m cssparser v0.37.0
[1m[92m   Compiling[0m url v2.5.8
[1m[92m   Compiling[0m winapi-util v0.1.11
[1m[92m   Compiling[0m serde_derive_internals v0.29.1
[1m[92m   Compiling[0m servo_arc v0.4.3
[1m[92m   Compiling[0m hashbrown v0.12.3
[1m[92m   Compiling[0m regex-automata v0.4.18
[1m[92m   Compiling[0m deranged v0.5.8
[1m[92m   Compiling[0m hashbrown v0.17.1
[1m[92m   Compiling[0m windows_x86_64_msvc v0.52.6
[1m[92m   Compiling[0m shlex v2.0.1
[1m[92m   Compiling[0m powerfmt v0.2.0
[1m[92m   Compiling[0m rustc-hash v2.1.3
[1m[92m   Compiling[0m schemars v0.8.22
[1m[92m   Compiling[0m web-time v1.1.0
[1m[92m   Compiling[0m find-msvc-tools v0.1.14
[1m[92m   Compiling[0m fnv v1.0.7
[1m[92m   Compiling[0m bit-vec v0.8.0
[1m[92m   Compiling[0m equivalent v1.0.2
[1m[92m   Compiling[0m indexmap v2.14.2
[1m[92m   Compiling[0m bit-set v0.8.0
[1m[92m   Compiling[0m cfb v0.14.0
[1m[92m   Compiling[0m cc v1.6.0
[1m[92m   Compiling[0m regex v1.13.1
[1m[92m   Compiling[0m time v0.3.55
[1m[92m   Compiling[0m schemars_derive v0.8.22
[1m[92m   Compiling[0m same-file v1.0.6
[1m[92m   Compiling[0m html5ever v0.39.0
[1m[92m   Compiling[0m brotli-decompressor v6.0.1
[1m[92m   Compiling[0m jsonptr v0.7.1
[1m[92m   Compiling[0m cargo-platform v0.1.9
[1m[92m   Compiling[0m quick-xml v0.42.0
[1m[92m   Compiling[0m dunce v1.0.5
[1m[92m   Compiling[0m dyn-clone v1.0.20
[1m[92m   Compiling[0m bytes v1.12.1
[1m[92m   Compiling[0m base64 v0.23.1
[1m[92m   Compiling[0m foldhash v0.2.0
[1m[92m   Compiling[0m dom_query v0.28.0
[1m[92m   Compiling[0m http v1.5.0
[1m[92m   Compiling[0m plist v1.10.1
[1m[92m   Compiling[0m brotli v9.0.0
[1m[92m   Compiling[0m json-patch v4.2.0
[1m[92m   Compiling[0m cargo_metadata v0.19.2
[1m[92m   Compiling[0m serde-untagged v0.1.9
[1m[92m   Compiling[0m walkdir v2.5.0
[1m[92m   Compiling[0m vswhom-sys v0.1.3
[1m[92m   Compiling[0m urlpattern v0.6.0
[1m[92m   Compiling[0m infer v0.22.0
[1m[92m   Compiling[0m serde_with v3.24.0
[1m[92m   Compiling[0m windows-interface v0.59.3
[1m[92m   Compiling[0m windows-implement v0.60.2
[1m[92m   Compiling[0m windows-strings v0.5.1
[1m[92m   Compiling[0m windows-result v0.4.1
[1m[92m   Compiling[0m glob v0.3.4
[1m[92m   Compiling[0m ctor v1.0.13
[1m[92m   Compiling[0m windows-core v0.62.2
[1m[92m   Compiling[0m tauri-utils v2.10.1
[1m[92m   Compiling[0m windows-targets v0.52.6
[1m[92m   Compiling[0m windows-sys v0.59.0
[1m[92m   Compiling[0m simd-adler32 v0.3.10
[1m[92m   Compiling[0m generic-array v0.14.7
[1m[92m   Compiling[0m rustc_version v0.4.1
[1m[92m   Compiling[0m windows-threading v0.2.1
[1m[92m   Compiling[0m winreg v0.55.0
[1m[92m   Compiling[0m option-ext v0.2.0
[1m[92m   Compiling[0m adler2 v2.0.1
[1m[92m   Compiling[0m crc32fast v1.5.2
[1m[92m   Compiling[0m dirs-sys v0.5.0
[1m[92m   Compiling[0m windows-future v0.3.2
[1m[92m   Compiling[0m windows-collections v0.3.2
[1m[92m   Compiling[0m windows-numerics v0.3.1
[1m[92m   Compiling[0m time-macros v0.2.32
[1m[92m   Compiling[0m vswhom v0.1.0
[1m[92m   Compiling[0m embed-resource v3.0.11
[1m[92m   Compiling[0m typenum v1.20.1
[1m[92m   Compiling[0m heck v0.5.0
[1m[92m   Compiling[0m tauri-winres v0.3.6
[1m[92m   Compiling[0m windows v0.62.2
[1m[92m   Compiling[0m dirs v7.0.0
[1m[92m   Compiling[0m miniz_oxide v0.9.1
[1m[92m   Compiling[0m cargo_toml v1.0.1
[1m[92m   Compiling[0m webview2-com-sys v0.39.1
[1m[92m   Compiling[0m crossbeam-utils v0.8.23
[1m[92m   Compiling[0m raw-window-handle v0.6.2
[1m[92m   Compiling[0m tauri-build v2.7.1
[1m[92m   Compiling[0m flate2 v1.1.10
[1m[92m   Compiling[0m miniz_oxide v0.8.9
[1m[92m   Compiling[0m fdeflate v0.3.7
[1m[92m   Compiling[0m dpi v0.1.2
[1m[92m   Compiling[0m cookie v0.18.2
[1m[92m   Compiling[0m crypto-common v0.1.7
[1m[92m   Compiling[0m block-buffer v0.10.4
[1m[92m   Compiling[0m webview2-com-macros v0.8.1
[1m[92m   Compiling[0m windows-version v0.1.7
[1m[92m   Compiling[0m bitflags v1.3.2
[1m[92m   Compiling[0m rustversion v1.0.23
[1m[92m   Compiling[0m pin-project-lite v0.2.17
[1m[92m   Compiling[0m png v0.17.16
[1m[92m   Compiling[0m digest v0.10.7
[1m[92m   Compiling[0m crossbeam-channel v0.5.17
[1m[92m   Compiling[0m tauri v2.12.1
[1m[92m   Compiling[0m tracing-core v0.1.36
[1m[92m   Compiling[0m byteorder v1.5.0
[1m[92m   Compiling[0m tauri-runtime v2.12.1
[1m[92m   Compiling[0m wry v0.57.0
[1m[92m   Compiling[0m cpufeatures v0.2.17
[1m[92m   Compiling[0m once_cell v1.21.4
[1m[92m   Compiling[0m sha2 v0.10.9
[1m[92m   Compiling[0m ico v0.5.0
[1m[92m   Compiling[0m tracing v0.1.44
[1m[92m   Compiling[0m png v0.18.1
[1m[92m   Compiling[0m tauri-plugin v2.7.1
[1m[92m   Compiling[0m muda v0.20.0
[1m[92m   Compiling[0m getrandom v0.3.4
[1m[92m   Compiling[0m unicode-segmentation v1.13.3
[1m[92m   Compiling[0m base64 v0.22.1
[1m[92m   Compiling[0m tauri-runtime-wry v2.12.1
[1m[92m   Compiling[0m tauri-codegen v2.7.1
[1m[92m   Compiling[0m tauri-plugin-shell v2.4.0
[1m[92m   Compiling[0m encoding_rs v0.8.42
[1m[92m   Compiling[0m softbuffer v0.4.8
[1m[92m   Compiling[0m keyboard-types v0.8.3
[1m[92m   Compiling[0m serialize-to-javascript-impl v0.1.2
[1m[92m   Compiling[0m tao v0.37.1
[1m[92m   Compiling[0m webview2-com v0.39.1
[1m[92m   Compiling[0m serialize-to-javascript v0.1.2
[1m[92m   Compiling[0m tauri-macros v2.7.1
[1m[92m   Compiling[0m tokio v1.53.2
[1m[92m   Compiling[0m window-vibrancy v0.8.1
[1m[92m   Compiling[0m serde_repr v0.1.21
[1m[92m   Compiling[0m simdutf8 v0.1.5
[1m[92m   Compiling[0m multiversion_no_op v1.0.0
[1m[92m   Compiling[0m core_detect v1.0.0
[1m[92m   Compiling[0m mime v0.3.17
[1m[92m   Compiling[0m open v5.4.4
[1m[92m   Compiling[0m omegaforge-studio v0.1.0 (D:\a\omegaforge-buildtest\omegaforge-buildtest\src-tauri)
[1m[92m   Compiling[0m os_pipe v1.2.3
[1m[92m   Compiling[0m shared_child v1.1.2
[1m[92m    Finished[0m `release` profile [optimized] target(s) in 3m 21s
